// Jest Snapshot v1, https://goo.gl/fbAQLP

exports[`Button VK Button Block ( single ) 1`] = `
"<!-- wp:vk-blocks/button {\\"subCaption\\":\\"test-button\\",\\"blockId\\":\\"77ce1989-914d-43b8-9a94-e06669acf686\\"} -->
<div class=\\"wp-block-vk-blocks-button vk_button vk_button-color-custom vk_button-align-left\\"><a class=\\"vk_button_link btn has-background has-vk-color-primary-background-color btn-md\\" role=\\"button\\" aria-pressed=\\"true\\" rel=\\"noopener\\"><div class=\\"vk_button_link_caption\\"><span class=\\"vk_button_link_txt\\">VK ボタン</span></div><p class=\\"vk_button_link_subCaption\\">test-button</p></a></div>
<!-- /wp:vk-blocks/button -->"
`;
