// Jest Snapshot v1, https://goo.gl/fbAQLP

exports[`VK Custom Format VK Custom Format 1`] = `
"<!-- wp:paragraph -->
<p><span class=\\"vk-format--1\\">1</span></p>
<!-- /wp:paragraph -->"
`;
